<html>
<body>
<pre>
<h1>µVision Build Log</h1>
<h2>Tool Versions:</h2>
IDE-Version: µVision V5.38.0.0
Copyright (C) 2022 ARM Ltd and ARM Germany GmbH. All rights reserved.
License Information: Marat Shaikhullin, home, LIC=GE7DL-0VYRF-NTV3G-VPCBS-WYZS6-0SVQ7
 
Tool Versions:
Toolchain:       MDK-ARM Professional  Version: 5.38.0.0
Toolchain Path:  D:\Keil_v5\ARM\ARMCLANG\Bin
C Compiler:      ArmClang.exe V6.19
Assembler:       Armasm.exe V6.19
Linker/Locator:  ArmLink.exe V6.19
Library Manager: ArmAr.exe V6.19
Hex Converter:   FromElf.exe V6.19
CPU DLL:         SARMCM3.DLL V5.38.0.0
Dialog DLL:      DCM.DLL V1.17.5.0
Target DLL:      STLink\ST-LINKIII-KEIL_SWO.dll V3.1.0.0
Dialog DLL:      TCM.DLL V1.56.4.0
 
<h2>Project:</h2>
D:\KDGit\myshm\scillbox_mk\Timer\MDR\Timer_1986.uvprojx
Project File Date:  12/03/2025

<h2>Output:</h2>
*** Using Compiler 'V6.19', folder: 'D:\Keil_v5\ARM\ARMCLANG\Bin'
Build target 'K1986BE92U'
compiling main.c...
compiling init.c...
compiling clc.c...
compiling Port.c...
compiling SysTick.c...
compiling tmr.c...
compiling PWM.c...
linking...
Program Size: Code=1984 RO-data=288 RW-data=4 ZI-data=1644  
FromELF: creating hex file...
".\Objects\Timer_1986.axf" - 0 Error(s), 0 Warning(s).

<h2>Software Packages used:</h2>

Package Vendor: ARM
                http://www.keil.com/pack/ARM.CMSIS.5.9.0.pack
                ARM.CMSIS.5.9.0
                CMSIS (Common Microcontroller Software Interface Standard)
   * Component: CORE Version: 5.6.0

Package Vendor: Milandr
                
                Milandr.MDR32FxQI.1.3.0
                Milandr MDR32FxQI Series Device Support, Drivers and Examples
   * Component: Startup Version: 2.2.0i
   * Component: PORT Version: 2.2.0i
   * Component: RST_CLK Version: 2.2.0i
   * Component: TIMER Version: 2.2.0i

<h2>Collection of Component include folders:</h2>
  ./RTE/Device/K1986VE92xI
  ./RTE/_K1986BE92U
  D:/Keil_v5/ARM/Packs/ARM/CMSIS/5.9.0/CMSIS/Core/Include
  D:/Keil_v5/ARM/Packs/Milandr/MDR32FxQI/1.3.0/Libraries/CMSIS/MDR32FxQI/CoreSupport/CM3
  D:/Keil_v5/ARM/Packs/Milandr/MDR32FxQI/1.3.0/Libraries/CMSIS/MDR32FxQI/DeviceSupport/K1986VE9xI/inc
  D:/Keil_v5/ARM/Packs/Milandr/MDR32FxQI/1.3.0/Libraries/SPL/MDR32FxQI/inc

<h2>Collection of Component Files used:</h2>

   * Component: ARM::CMSIS:CORE:5.6.0

   * Component: Milandr::Device:Startup:2.2.0i
      Include file:  Libraries/CMSIS/MDR32FxQI/DeviceSupport/K1986VE9xI/startup/system_K1986VE9xI.h
      Source file:   Libraries/CMSIS/MDR32FxQI/DeviceSupport/K1986VE9xI/startup/system_K1986VE9xI.c
      Source file:   Libraries/SPL/MDR32FxQI/src/IRQ_Handler_Template/K1986VE9xI_IT.c
      Include file:  Libraries/SPL/MDR32FxQI/MDR32FxQI_config.h
      Source file:   Libraries/CMSIS/MDR32FxQI/DeviceSupport/K1986VE9xI/startup/arm/startup_K1986VE9xI.S
      Include file:  Libraries/CMSIS/MDR32FxQI/DeviceSupport/K1986VE9xI/inc/K1986VE9xI.h
      Include file:  Libraries/CMSIS/MDR32FxQI/CoreSupport/CM3/core_cm3.h
      Include file:  Libraries/SPL/MDR32FxQI/inc/IRQ_Handler_Template/K1986VE9xI_IT.h

   * Component: Milandr::Drivers:PORT:2.2.0i
      Source file:   Libraries/SPL/MDR32FxQI/src/MDR32FxQI_port.c
      Include file:  Libraries/SPL/MDR32FxQI/inc/MDR32FxQI_port.h

   * Component: Milandr::Drivers:RST_CLK:2.2.0i
      Source file:   Libraries/SPL/MDR32FxQI/src/MDR32FxQI_rst_clk.c
      Include file:  Libraries/SPL/MDR32FxQI/inc/MDR32FxQI_rst_clk.h

   * Component: Milandr::Drivers:TIMER:2.2.0i
      Include file:  Libraries/SPL/MDR32FxQI/inc/MDR32FxQI_timer.h
      Source file:   Libraries/SPL/MDR32FxQI/src/MDR32FxQI_timer.c
Build Time Elapsed:  00:00:07
</pre>
</body>
</html>
