Component: ARM Compiler 5.06 update 7 (build 960) Tool: armlink [4d3601]

==============================================================================

Section Cross References

    main.o(i.Port_led) refers to mdr32fxqi_rst_clk.o(i.RST_CLK_PCLKcmd) for RST_CLK_PCLKcmd
    main.o(i.Port_led) refers to mdr32fxqi_port.o(i.PORT_Init) for PORT_Init
    main.o(i.Timer2_IRQHandler) refers to mdr32fxqi_timer.o(i.TIMER_ClearFlag) for TIMER_ClearFlag
    main.o(i.Timer2_IRQHandler) refers to main.o(.data) for delay_cnt
    main.o(i.User_Timer2) refers to mdr32fxqi_rst_clk.o(i.RST_CLK_PCLKcmd) for RST_CLK_PCLKcmd
    main.o(i.User_Timer2) refers to mdr32fxqi_timer.o(i.TIMER_CntInit) for TIMER_CntInit
    main.o(i.User_Timer2) refers to mdr32fxqi_timer.o(i.TIMER_BRGInit) for TIMER_BRGInit
    main.o(i.User_Timer2) refers to mdr32fxqi_timer.o(i.TIMER_ITConfig) for TIMER_ITConfig
    main.o(i.User_Timer2) refers to mdr32fxqi_timer.o(i.TIMER_Cmd) for TIMER_Cmd
    main.o(i.delay) refers to main.o(.data) for delay_cnt
    main.o(i.main) refers to main.o(i.Port_led) for Port_led
    main.o(i.main) refers to main.o(i.User_Timer2) for User_Timer2
    main.o(i.main) refers to mdr32fxqi_port.o(i.PORT_SetBits) for PORT_SetBits
    main.o(i.main) refers to main.o(i.delay) for delay
    main.o(i.main) refers to mdr32fxqi_port.o(i.PORT_ResetBits) for PORT_ResetBits
    startup_k1986ve9xi.o(STACK) refers (Special) to heapauxi.o(.text) for __use_two_region_memory
    startup_k1986ve9xi.o(HEAP) refers (Special) to heapauxi.o(.text) for __use_two_region_memory
    startup_k1986ve9xi.o(RESET) refers (Special) to heapauxi.o(.text) for __use_two_region_memory
    startup_k1986ve9xi.o(RESET) refers to startup_k1986ve9xi.o(STACK) for __initial_sp
    startup_k1986ve9xi.o(RESET) refers to startup_k1986ve9xi.o(.text) for Reset_Handler
    startup_k1986ve9xi.o(RESET) refers to main.o(i.Timer2_IRQHandler) for Timer2_IRQHandler
    startup_k1986ve9xi.o(.text) refers (Special) to heapauxi.o(.text) for __use_two_region_memory
    startup_k1986ve9xi.o(.text) refers to system_k1986ve9xi.o(i.SystemInit) for SystemInit
    startup_k1986ve9xi.o(.text) refers to __main.o(!!!main) for __main
    startup_k1986ve9xi.o(.text) refers to startup_k1986ve9xi.o(HEAP) for Heap_Mem
    startup_k1986ve9xi.o(.text) refers to startup_k1986ve9xi.o(STACK) for Stack_Mem
    system_k1986ve9xi.o(i.SystemCoreClockUpdate) refers to system_k1986ve9xi.o(.data) for SystemCoreClock
    system_k1986ve9xi.o(i.SystemInit) refers to system_k1986ve9xi.o(i.SystemCoreClockUpdate) for SystemCoreClockUpdate
    system_k1986ve9xi.o(i.SystemInit) refers to startup_k1986ve9xi.o(RESET) for __Vectors
    system_k1986ve9xi.o(i.SystemInit) refers to system_k1986ve9xi.o(.constdata) for EEPROM_FACTORY_READ_WORD_FUNC
    mdr32fxqi_rst_clk.o(i.RST_CLK_CPU_PLLstatus) refers to mdr32fxqi_rst_clk.o(i.RST_CLK_GetFlagStatus) for RST_CLK_GetFlagStatus
    mdr32fxqi_rst_clk.o(i.RST_CLK_DeInit) refers to mdr32fxqi_rst_clk.o(i.RST_CLK_WarmDeInit) for RST_CLK_WarmDeInit
    mdr32fxqi_rst_clk.o(i.RST_CLK_HSEstatus) refers to mdr32fxqi_rst_clk.o(i.RST_CLK_GetFlagStatus) for RST_CLK_GetFlagStatus
    mdr32fxqi_rst_clk.o(i.RST_CLK_HSIstatus) refers to mdr32fxqi_rst_clk.o(i.RST_CLK_GetFlagStatus) for RST_CLK_GetFlagStatus
    mdr32fxqi_rst_clk.o(i.RST_CLK_LSEstatus) refers to mdr32fxqi_rst_clk.o(i.RST_CLK_GetFlagStatus) for RST_CLK_GetFlagStatus
    mdr32fxqi_rst_clk.o(i.RST_CLK_LSIstatus) refers to mdr32fxqi_rst_clk.o(i.RST_CLK_GetFlagStatus) for RST_CLK_GetFlagStatus
    mdr32fxqi_rst_clk.o(i.RST_CLK_USB_PLLstatus) refers to mdr32fxqi_rst_clk.o(i.RST_CLK_GetFlagStatus) for RST_CLK_GetFlagStatus
    mdr32fxqi_rst_clk.o(i.RST_CLK_WarmDeInit) refers to mdr32fxqi_rst_clk.o(i.RST_CLK_HSIcmd) for RST_CLK_HSIcmd
    mdr32fxqi_rst_clk.o(i.RST_CLK_WarmDeInit) refers to mdr32fxqi_rst_clk.o(i.RST_CLK_HSIstatus) for RST_CLK_HSIstatus
    __main.o(!!!main) refers to __rtentry.o(.ARM.Collect$$rtentry$$00000000) for __rt_entry
    __rtentry.o(.ARM.Collect$$rtentry$$00000000) refers (Special) to __rtentry2.o(.ARM.Collect$$rtentry$$0000000A) for __rt_entry_li
    __rtentry.o(.ARM.Collect$$rtentry$$00000000) refers (Special) to __rtentry2.o(.ARM.Collect$$rtentry$$0000000D) for __rt_entry_main
    __rtentry.o(.ARM.Collect$$rtentry$$00000000) refers (Special) to __rtentry2.o(.ARM.Collect$$rtentry$$0000000C) for __rt_entry_postli_1
    __rtentry.o(.ARM.Collect$$rtentry$$00000000) refers (Special) to __rtentry2.o(.ARM.Collect$$rtentry$$00000009) for __rt_entry_postsh_1
    __rtentry.o(.ARM.Collect$$rtentry$$00000000) refers (Special) to __rtentry2.o(.ARM.Collect$$rtentry$$00000002) for __rt_entry_presh_1
    __rtentry.o(.ARM.Collect$$rtentry$$00000000) refers (Special) to __rtentry4.o(.ARM.Collect$$rtentry$$00000004) for __rt_entry_sh
    __rtentry2.o(.ARM.Collect$$rtentry$$00000008) refers to boardinit2.o(.text) for _platform_post_stackheap_init
    __rtentry2.o(.ARM.Collect$$rtentry$$0000000A) refers to libinit.o(.ARM.Collect$$libinit$$00000000) for __rt_lib_init
    __rtentry2.o(.ARM.Collect$$rtentry$$0000000B) refers to boardinit3.o(.text) for _platform_post_lib_init
    __rtentry2.o(.ARM.Collect$$rtentry$$0000000D) refers to main.o(i.main) for main
    __rtentry2.o(.ARM.Collect$$rtentry$$0000000D) refers to exit.o(.text) for exit
    __rtentry2.o(.ARM.exidx) refers to __rtentry2.o(.ARM.Collect$$rtentry$$00000001) for .ARM.Collect$$rtentry$$00000001
    __rtentry2.o(.ARM.exidx) refers to __rtentry2.o(.ARM.Collect$$rtentry$$00000008) for .ARM.Collect$$rtentry$$00000008
    __rtentry2.o(.ARM.exidx) refers to __rtentry2.o(.ARM.Collect$$rtentry$$0000000A) for .ARM.Collect$$rtentry$$0000000A
    __rtentry2.o(.ARM.exidx) refers to __rtentry2.o(.ARM.Collect$$rtentry$$0000000B) for .ARM.Collect$$rtentry$$0000000B
    __rtentry2.o(.ARM.exidx) refers to __rtentry2.o(.ARM.Collect$$rtentry$$0000000D) for .ARM.Collect$$rtentry$$0000000D
    __rtentry4.o(.ARM.Collect$$rtentry$$00000004) refers to sys_stackheap_outer.o(.text) for __user_setup_stackheap
    __rtentry4.o(.ARM.exidx) refers to __rtentry4.o(.ARM.Collect$$rtentry$$00000004) for .ARM.Collect$$rtentry$$00000004
    sys_stackheap_outer.o(.text) refers to libspace.o(.text) for __user_perproc_libspace
    sys_stackheap_outer.o(.text) refers to startup_k1986ve9xi.o(.text) for __user_initial_stackheap
    exit.o(.text) refers to rtexit.o(.ARM.Collect$$rtexit$$00000000) for __rt_exit
    libinit.o(.ARM.Collect$$libinit$$00000000) refers (Special) to libinit2.o(.ARM.Collect$$libinit$$0000002E) for __rt_lib_init_alloca_1
    libinit.o(.ARM.Collect$$libinit$$00000000) refers (Special) to libinit2.o(.ARM.Collect$$libinit$$0000002C) for __rt_lib_init_argv_1
    libinit.o(.ARM.Collect$$libinit$$00000000) refers (Special) to libinit2.o(.ARM.Collect$$libinit$$0000001B) for __rt_lib_init_atexit_1
    libinit.o(.ARM.Collect$$libinit$$00000000) refers (Special) to libinit2.o(.ARM.Collect$$libinit$$00000021) for __rt_lib_init_clock_1
    libinit.o(.ARM.Collect$$libinit$$00000000) refers (Special) to libinit2.o(.ARM.Collect$$libinit$$00000032) for __rt_lib_init_cpp_1
    libinit.o(.ARM.Collect$$libinit$$00000000) refers (Special) to libinit2.o(.ARM.Collect$$libinit$$00000030) for __rt_lib_init_exceptions_1
    libinit.o(.ARM.Collect$$libinit$$00000000) refers (Special) to libinit2.o(.ARM.Collect$$libinit$$00000002) for __rt_lib_init_fp_1
    libinit.o(.ARM.Collect$$libinit$$00000000) refers (Special) to libinit2.o(.ARM.Collect$$libinit$$0000001F) for __rt_lib_init_fp_trap_1
    libinit.o(.ARM.Collect$$libinit$$00000000) refers (Special) to libinit2.o(.ARM.Collect$$libinit$$00000023) for __rt_lib_init_getenv_1
    libinit.o(.ARM.Collect$$libinit$$00000000) refers (Special) to libinit2.o(.ARM.Collect$$libinit$$0000000A) for __rt_lib_init_heap_1
    libinit.o(.ARM.Collect$$libinit$$00000000) refers (Special) to libinit2.o(.ARM.Collect$$libinit$$00000011) for __rt_lib_init_lc_collate_1
    libinit.o(.ARM.Collect$$libinit$$00000000) refers (Special) to libinit2.o(.ARM.Collect$$libinit$$00000013) for __rt_lib_init_lc_ctype_1
    libinit.o(.ARM.Collect$$libinit$$00000000) refers (Special) to libinit2.o(.ARM.Collect$$libinit$$00000015) for __rt_lib_init_lc_monetary_1
    libinit.o(.ARM.Collect$$libinit$$00000000) refers (Special) to libinit2.o(.ARM.Collect$$libinit$$00000017) for __rt_lib_init_lc_numeric_1
    libinit.o(.ARM.Collect$$libinit$$00000000) refers (Special) to libinit2.o(.ARM.Collect$$libinit$$00000019) for __rt_lib_init_lc_time_1
    libinit.o(.ARM.Collect$$libinit$$00000000) refers (Special) to libinit2.o(.ARM.Collect$$libinit$$00000004) for __rt_lib_init_preinit_1
    libinit.o(.ARM.Collect$$libinit$$00000000) refers (Special) to libinit2.o(.ARM.Collect$$libinit$$0000000E) for __rt_lib_init_rand_1
    libinit.o(.ARM.Collect$$libinit$$00000000) refers (Special) to libinit2.o(.ARM.Collect$$libinit$$00000033) for __rt_lib_init_return
    libinit.o(.ARM.Collect$$libinit$$00000000) refers (Special) to libinit2.o(.ARM.Collect$$libinit$$0000001D) for __rt_lib_init_signal_1
    libinit.o(.ARM.Collect$$libinit$$00000000) refers (Special) to libinit2.o(.ARM.Collect$$libinit$$00000025) for __rt_lib_init_stdio_1
    libinit.o(.ARM.Collect$$libinit$$00000000) refers (Special) to libinit2.o(.ARM.Collect$$libinit$$0000000C) for __rt_lib_init_user_alloc_1
    libspace.o(.text) refers to libspace.o(.bss) for __libspace_start
    rtexit.o(.ARM.Collect$$rtexit$$00000000) refers (Special) to rtexit2.o(.ARM.Collect$$rtexit$$00000004) for __rt_exit_exit
    rtexit.o(.ARM.Collect$$rtexit$$00000000) refers (Special) to rtexit2.o(.ARM.Collect$$rtexit$$00000003) for __rt_exit_ls
    rtexit.o(.ARM.Collect$$rtexit$$00000000) refers (Special) to rtexit2.o(.ARM.Collect$$rtexit$$00000002) for __rt_exit_prels_1
    rtexit.o(.ARM.exidx) refers (Special) to rtexit2.o(.ARM.Collect$$rtexit$$00000004) for __rt_exit_exit
    rtexit.o(.ARM.exidx) refers (Special) to rtexit2.o(.ARM.Collect$$rtexit$$00000003) for __rt_exit_ls
    rtexit.o(.ARM.exidx) refers (Special) to rtexit2.o(.ARM.Collect$$rtexit$$00000002) for __rt_exit_prels_1
    rtexit.o(.ARM.exidx) refers to rtexit.o(.ARM.Collect$$rtexit$$00000000) for .ARM.Collect$$rtexit$$00000000
    libinit2.o(.ARM.Collect$$libinit$$00000010) refers to libinit2.o(.ARM.Collect$$libinit$$0000000F) for .ARM.Collect$$libinit$$0000000F
    libinit2.o(.ARM.Collect$$libinit$$00000012) refers to libinit2.o(.ARM.Collect$$libinit$$0000000F) for .ARM.Collect$$libinit$$0000000F
    libinit2.o(.ARM.Collect$$libinit$$00000014) refers to libinit2.o(.ARM.Collect$$libinit$$0000000F) for .ARM.Collect$$libinit$$0000000F
    libinit2.o(.ARM.Collect$$libinit$$00000016) refers to libinit2.o(.ARM.Collect$$libinit$$0000000F) for .ARM.Collect$$libinit$$0000000F
    libinit2.o(.ARM.Collect$$libinit$$00000018) refers to libinit2.o(.ARM.Collect$$libinit$$0000000F) for .ARM.Collect$$libinit$$0000000F
    libinit2.o(.ARM.Collect$$libinit$$00000026) refers to argv_veneer.o(.emb_text) for __ARM_argv_veneer
    libinit2.o(.ARM.Collect$$libinit$$00000027) refers to argv_veneer.o(.emb_text) for __ARM_argv_veneer
    rtexit2.o(.ARM.Collect$$rtexit$$00000003) refers to libshutdown.o(.ARM.Collect$$libshutdown$$00000000) for __rt_lib_shutdown
    rtexit2.o(.ARM.Collect$$rtexit$$00000004) refers to sys_exit.o(.text) for _sys_exit
    rtexit2.o(.ARM.exidx) refers to rtexit2.o(.ARM.Collect$$rtexit$$00000001) for .ARM.Collect$$rtexit$$00000001
    rtexit2.o(.ARM.exidx) refers to rtexit2.o(.ARM.Collect$$rtexit$$00000003) for .ARM.Collect$$rtexit$$00000003
    rtexit2.o(.ARM.exidx) refers to rtexit2.o(.ARM.Collect$$rtexit$$00000004) for .ARM.Collect$$rtexit$$00000004
    argv_veneer.o(.emb_text) refers to no_argv.o(.text) for __ARM_get_argv
    sys_exit.o(.text) refers (Special) to use_no_semi.o(.text) for __I$use$semihosting
    sys_exit.o(.text) refers (Special) to indicate_semi.o(.text) for __semihosting_library_function
    _get_argv_nomalloc.o(.text) refers (Special) to hrguard.o(.text) for __heap_region$guard
    _get_argv_nomalloc.o(.text) refers to defsig_rtmem_outer.o(.text) for __rt_SIGRTMEM
    _get_argv_nomalloc.o(.text) refers to sys_command.o(.text) for _sys_command_string
    libshutdown.o(.ARM.Collect$$libshutdown$$00000000) refers (Special) to libshutdown2.o(.ARM.Collect$$libshutdown$$00000004) for __rt_lib_shutdown_cpp_1
    libshutdown.o(.ARM.Collect$$libshutdown$$00000000) refers (Special) to libshutdown2.o(.ARM.Collect$$libshutdown$$00000002) for __rt_lib_shutdown_fini_1
    libshutdown.o(.ARM.Collect$$libshutdown$$00000000) refers (Special) to libshutdown2.o(.ARM.Collect$$libshutdown$$00000009) for __rt_lib_shutdown_fp_trap_1
    libshutdown.o(.ARM.Collect$$libshutdown$$00000000) refers (Special) to libshutdown2.o(.ARM.Collect$$libshutdown$$00000011) for __rt_lib_shutdown_heap_1
    libshutdown.o(.ARM.Collect$$libshutdown$$00000000) refers (Special) to libshutdown2.o(.ARM.Collect$$libshutdown$$00000012) for __rt_lib_shutdown_return
    libshutdown.o(.ARM.Collect$$libshutdown$$00000000) refers (Special) to libshutdown2.o(.ARM.Collect$$libshutdown$$0000000C) for __rt_lib_shutdown_signal_1
    libshutdown.o(.ARM.Collect$$libshutdown$$00000000) refers (Special) to libshutdown2.o(.ARM.Collect$$libshutdown$$00000006) for __rt_lib_shutdown_stdio_1
    libshutdown.o(.ARM.Collect$$libshutdown$$00000000) refers (Special) to libshutdown2.o(.ARM.Collect$$libshutdown$$0000000E) for __rt_lib_shutdown_user_alloc_1
    sys_command.o(.text) refers (Special) to use_no_semi.o(.text) for __I$use$semihosting
    sys_command.o(.text) refers (Special) to indicate_semi.o(.text) for __semihosting_library_function
    defsig_rtmem_outer.o(.text) refers to defsig_rtmem_inner.o(.text) for __rt_SIGRTMEM_inner
    defsig_rtmem_outer.o(.text) refers to defsig_exit.o(.text) for __sig_exit
    defsig_rtmem_formal.o(.text) refers to rt_raise.o(.text) for __rt_raise
    rt_raise.o(.text) refers to __raise.o(.text) for __raise
    rt_raise.o(.text) refers to sys_exit.o(.text) for _sys_exit
    defsig_exit.o(.text) refers to sys_exit.o(.text) for _sys_exit
    defsig_rtmem_inner.o(.text) refers to defsig_general.o(.text) for __default_signal_display
    __raise.o(.text) refers to defsig.o(CL$$defsig) for __default_signal_handler
    defsig_general.o(.text) refers to sys_wrch.o(.text) for _ttywrch
    sys_wrch.o(.text) refers (Special) to use_no_semi.o(.text) for __I$use$semihosting
    sys_wrch.o(.text) refers (Special) to indicate_semi.o(.text) for __semihosting_library_function
    defsig.o(CL$$defsig) refers to defsig_rtmem_inner.o(.text) for __rt_SIGRTMEM_inner
    defsig_abrt_inner.o(.text) refers to defsig_general.o(.text) for __default_signal_display
    defsig_fpe_inner.o(.text) refers to defsig_general.o(.text) for __default_signal_display
    defsig_rtred_inner.o(.text) refers to defsig_general.o(.text) for __default_signal_display
    defsig_stak_inner.o(.text) refers to defsig_general.o(.text) for __default_signal_display
    defsig_pvfn_inner.o(.text) refers to defsig_general.o(.text) for __default_signal_display
    defsig_cppl_inner.o(.text) refers to defsig_general.o(.text) for __default_signal_display
    defsig_segv_inner.o(.text) refers to defsig_general.o(.text) for __default_signal_display
    defsig_other.o(.text) refers to defsig_general.o(.text) for __default_signal_display


==============================================================================

Removing Unused input sections from the image.

    Removing main.o(.rev16_text), (4 bytes).
    Removing main.o(.revsh_text), (4 bytes).
    Removing main.o(.rrx_text), (6 bytes).
    Removing system_k1986ve9xi.o(.rev16_text), (4 bytes).
    Removing system_k1986ve9xi.o(.revsh_text), (4 bytes).
    Removing system_k1986ve9xi.o(.rrx_text), (6 bytes).
    Removing mdr32fxqi_port.o(.rev16_text), (4 bytes).
    Removing mdr32fxqi_port.o(.revsh_text), (4 bytes).
    Removing mdr32fxqi_port.o(.rrx_text), (6 bytes).
    Removing mdr32fxqi_port.o(i.PORT_DeInit), (20 bytes).
    Removing mdr32fxqi_port.o(i.PORT_ReadInputData), (6 bytes).
    Removing mdr32fxqi_port.o(i.PORT_ReadInputDataBit), (16 bytes).
    Removing mdr32fxqi_port.o(i.PORT_StructInit), (28 bytes).
    Removing mdr32fxqi_port.o(i.PORT_Write), (24 bytes).
    Removing mdr32fxqi_port.o(i.PORT_WriteBit), (52 bytes).
    Removing mdr32fxqi_rst_clk.o(.rev16_text), (4 bytes).
    Removing mdr32fxqi_rst_clk.o(.revsh_text), (4 bytes).
    Removing mdr32fxqi_rst_clk.o(.rrx_text), (6 bytes).
    Removing mdr32fxqi_rst_clk.o(i.RST_CLK_ADCclkEnable), (12 bytes).
    Removing mdr32fxqi_rst_clk.o(i.RST_CLK_ADCclkPrescaler), (24 bytes).
    Removing mdr32fxqi_rst_clk.o(i.RST_CLK_ADCclkSelection), (20 bytes).
    Removing mdr32fxqi_rst_clk.o(i.RST_CLK_CPU_PLLcmd), (12 bytes).
    Removing mdr32fxqi_rst_clk.o(i.RST_CLK_CPU_PLLconfig), (64 bytes).
    Removing mdr32fxqi_rst_clk.o(i.RST_CLK_CPU_PLLstatus), (52 bytes).
    Removing mdr32fxqi_rst_clk.o(i.RST_CLK_CPU_PLLuse), (12 bytes).
    Removing mdr32fxqi_rst_clk.o(i.RST_CLK_CPUclkPrescaler), (24 bytes).
    Removing mdr32fxqi_rst_clk.o(i.RST_CLK_CPUclkSelection), (20 bytes).
    Removing mdr32fxqi_rst_clk.o(i.RST_CLK_CPUclkSelectionC1), (20 bytes).
    Removing mdr32fxqi_rst_clk.o(i.RST_CLK_DeInit), (140 bytes).
    Removing mdr32fxqi_rst_clk.o(i.RST_CLK_GetClocksFreq), (628 bytes).
    Removing mdr32fxqi_rst_clk.o(i.RST_CLK_GetFlagStatus), (52 bytes).
    Removing mdr32fxqi_rst_clk.o(i.RST_CLK_HSEclkPrescaler), (20 bytes).
    Removing mdr32fxqi_rst_clk.o(i.RST_CLK_HSEconfig), (60 bytes).
    Removing mdr32fxqi_rst_clk.o(i.RST_CLK_HSEstatus), (52 bytes).
    Removing mdr32fxqi_rst_clk.o(i.RST_CLK_HSIadjust), (24 bytes).
    Removing mdr32fxqi_rst_clk.o(i.RST_CLK_HSIclkPrescaler), (24 bytes).
    Removing mdr32fxqi_rst_clk.o(i.RST_CLK_HSIcmd), (12 bytes).
    Removing mdr32fxqi_rst_clk.o(i.RST_CLK_HSIstatus), (52 bytes).
    Removing mdr32fxqi_rst_clk.o(i.RST_CLK_LSEconfig), (60 bytes).
    Removing mdr32fxqi_rst_clk.o(i.RST_CLK_LSEstatus), (52 bytes).
    Removing mdr32fxqi_rst_clk.o(i.RST_CLK_LSIadjust), (24 bytes).
    Removing mdr32fxqi_rst_clk.o(i.RST_CLK_LSIcmd), (12 bytes).
    Removing mdr32fxqi_rst_clk.o(i.RST_CLK_LSIstatus), (52 bytes).
    Removing mdr32fxqi_rst_clk.o(i.RST_CLK_RTC_HSEclkEnable), (12 bytes).
    Removing mdr32fxqi_rst_clk.o(i.RST_CLK_RTC_HSIclkEnable), (12 bytes).
    Removing mdr32fxqi_rst_clk.o(i.RST_CLK_USB_PLLcmd), (12 bytes).
    Removing mdr32fxqi_rst_clk.o(i.RST_CLK_USB_PLLconfig), (64 bytes).
    Removing mdr32fxqi_rst_clk.o(i.RST_CLK_USB_PLLstatus), (52 bytes).
    Removing mdr32fxqi_rst_clk.o(i.RST_CLK_USB_PLLuse), (12 bytes).
    Removing mdr32fxqi_rst_clk.o(i.RST_CLK_USBclkEnable), (12 bytes).
    Removing mdr32fxqi_rst_clk.o(i.RST_CLK_USBclkPrescaler), (12 bytes).
    Removing mdr32fxqi_rst_clk.o(i.RST_CLK_WarmDeInit), (52 bytes).
    Removing mdr32fxqi_timer.o(.rev16_text), (4 bytes).
    Removing mdr32fxqi_timer.o(.revsh_text), (4 bytes).
    Removing mdr32fxqi_timer.o(.rrx_text), (6 bytes).
    Removing mdr32fxqi_timer.o(i.TIMER_BRKPolarityConfig), (14 bytes).
    Removing mdr32fxqi_timer.o(i.TIMER_ChnBRKResetConfig), (24 bytes).
    Removing mdr32fxqi_timer.o(i.TIMER_ChnCCR1_Cmd), (30 bytes).
    Removing mdr32fxqi_timer.o(i.TIMER_ChnCCR1_EventSourceConfig), (24 bytes).
    Removing mdr32fxqi_timer.o(i.TIMER_ChnCapturePrescalerConfig), (26 bytes).
    Removing mdr32fxqi_timer.o(i.TIMER_ChnCompare1Config), (32 bytes).
    Removing mdr32fxqi_timer.o(i.TIMER_ChnCompareConfig), (32 bytes).
    Removing mdr32fxqi_timer.o(i.TIMER_ChnETRResetConfig), (24 bytes).
    Removing mdr32fxqi_timer.o(i.TIMER_ChnETR_Cmd), (30 bytes).
    Removing mdr32fxqi_timer.o(i.TIMER_ChnEventDelay_Cmd), (30 bytes).
    Removing mdr32fxqi_timer.o(i.TIMER_ChnEventSourceConfig), (24 bytes).
    Removing mdr32fxqi_timer.o(i.TIMER_ChnFilterConfig), (24 bytes).
    Removing mdr32fxqi_timer.o(i.TIMER_ChnInit), (86 bytes).
    Removing mdr32fxqi_timer.o(i.TIMER_ChnNOutConfig), (36 bytes).
    Removing mdr32fxqi_timer.o(i.TIMER_ChnNOutModeConfig), (26 bytes).
    Removing mdr32fxqi_timer.o(i.TIMER_ChnNOutPolarityConfig), (26 bytes).
    Removing mdr32fxqi_timer.o(i.TIMER_ChnNOutSourceConfig), (26 bytes).
    Removing mdr32fxqi_timer.o(i.TIMER_ChnOutConfig), (34 bytes).
    Removing mdr32fxqi_timer.o(i.TIMER_ChnOutDTGConfig), (22 bytes).
    Removing mdr32fxqi_timer.o(i.TIMER_ChnOutInit), (68 bytes).
    Removing mdr32fxqi_timer.o(i.TIMER_ChnOutModeConfig), (24 bytes).
    Removing mdr32fxqi_timer.o(i.TIMER_ChnOutPolarityConfig), (26 bytes).
    Removing mdr32fxqi_timer.o(i.TIMER_ChnOutSourceConfig), (26 bytes).
    Removing mdr32fxqi_timer.o(i.TIMER_ChnOutStructInit), (24 bytes).
    Removing mdr32fxqi_timer.o(i.TIMER_ChnREFFormatConfig), (24 bytes).
    Removing mdr32fxqi_timer.o(i.TIMER_ChnStructInit), (32 bytes).
    Removing mdr32fxqi_timer.o(i.TIMER_CntAutoreloadConfig), (18 bytes).
    Removing mdr32fxqi_timer.o(i.TIMER_CntEventSourceConfig), (14 bytes).
    Removing mdr32fxqi_timer.o(i.TIMER_CntStructInit), (28 bytes).
    Removing mdr32fxqi_timer.o(i.TIMER_CounterModeConfig), (14 bytes).
    Removing mdr32fxqi_timer.o(i.TIMER_DMACmd), (18 bytes).
    Removing mdr32fxqi_timer.o(i.TIMER_DeInit), (68 bytes).
    Removing mdr32fxqi_timer.o(i.TIMER_ETRFilterConfig), (16 bytes).
    Removing mdr32fxqi_timer.o(i.TIMER_ETRInputConfig), (24 bytes).
    Removing mdr32fxqi_timer.o(i.TIMER_ETRPolarityConfig), (14 bytes).
    Removing mdr32fxqi_timer.o(i.TIMER_ETRPrescalerConfig), (14 bytes).
    Removing mdr32fxqi_timer.o(i.TIMER_FilterSamplingConfig), (14 bytes).
    Removing mdr32fxqi_timer.o(i.TIMER_GetChnCapture), (18 bytes).
    Removing mdr32fxqi_timer.o(i.TIMER_GetChnCapture1), (18 bytes).
    Removing mdr32fxqi_timer.o(i.TIMER_GetChnWriteComplete), (28 bytes).
    Removing mdr32fxqi_timer.o(i.TIMER_GetChnWriteComplete1), (28 bytes).
    Removing mdr32fxqi_timer.o(i.TIMER_GetCntAutoreload), (8 bytes).
    Removing mdr32fxqi_timer.o(i.TIMER_GetCntPrescaler), (8 bytes).
    Removing mdr32fxqi_timer.o(i.TIMER_GetCntWriteComplete), (18 bytes).
    Removing mdr32fxqi_timer.o(i.TIMER_GetCounter), (8 bytes).
    Removing mdr32fxqi_timer.o(i.TIMER_GetCounterDirection), (18 bytes).
    Removing mdr32fxqi_timer.o(i.TIMER_GetFlagStatus), (16 bytes).
    Removing mdr32fxqi_timer.o(i.TIMER_GetITStatus), (24 bytes).
    Removing mdr32fxqi_timer.o(i.TIMER_GetStatus), (6 bytes).
    Removing mdr32fxqi_timer.o(i.TIMER_SetChnCompare), (14 bytes).
    Removing mdr32fxqi_timer.o(i.TIMER_SetChnCompare1), (14 bytes).
    Removing mdr32fxqi_timer.o(i.TIMER_SetCntAutoreload), (4 bytes).
    Removing mdr32fxqi_timer.o(i.TIMER_SetCntPrescaler), (4 bytes).
    Removing mdr32fxqi_timer.o(i.TIMER_SetCounter), (4 bytes).
    Removing mdr32fxqi_timer.o(i.TIMER_SetCounterDirection), (14 bytes).

110 unused section(s) (total 3268 bytes) removed from the image.

==============================================================================

Image Symbol Table

    Local Symbols

    Symbol Name                              Value     Ov Type        Size  Object(Section)

    ../clib/angel/boardlib.s                 0x00000000   Number         0  boardinit1.o ABSOLUTE
    ../clib/angel/boardlib.s                 0x00000000   Number         0  boardinit2.o ABSOLUTE
    ../clib/angel/boardlib.s                 0x00000000   Number         0  boardinit3.o ABSOLUTE
    ../clib/angel/boardlib.s                 0x00000000   Number         0  boardshut.o ABSOLUTE
    ../clib/angel/handlers.s                 0x00000000   Number         0  __scatter_zi.o ABSOLUTE
    ../clib/angel/handlers.s                 0x00000000   Number         0  __scatter_copy.o ABSOLUTE
    ../clib/angel/kernel.s                   0x00000000   Number         0  __rtentry4.o ABSOLUTE
    ../clib/angel/kernel.s                   0x00000000   Number         0  rtexit.o ABSOLUTE
    ../clib/angel/kernel.s                   0x00000000   Number         0  __rtentry2.o ABSOLUTE
    ../clib/angel/kernel.s                   0x00000000   Number         0  __rtentry.o ABSOLUTE
    ../clib/angel/kernel.s                   0x00000000   Number         0  rtexit2.o ABSOLUTE
    ../clib/angel/rt.s                       0x00000000   Number         0  rt_raise.o ABSOLUTE
    ../clib/angel/scatter.s                  0x00000000   Number         0  __scatter.o ABSOLUTE
    ../clib/angel/startup.s                  0x00000000   Number         0  __main.o ABSOLUTE
    ../clib/angel/sys.s                      0x00000000   Number         0  libspace.o ABSOLUTE
    ../clib/angel/sys.s                      0x00000000   Number         0  use_no_semi.o ABSOLUTE
    ../clib/angel/sys.s                      0x00000000   Number         0  indicate_semi.o ABSOLUTE
    ../clib/angel/sys.s                      0x00000000   Number         0  sys_stackheap_outer.o ABSOLUTE
    ../clib/angel/sysapp.c                   0x00000000   Number         0  sys_wrch.o ABSOLUTE
    ../clib/angel/sysapp.c                   0x00000000   Number         0  sys_exit.o ABSOLUTE
    ../clib/angel/sysapp.c                   0x00000000   Number         0  sys_command.o ABSOLUTE
    ../clib/armsys.c                         0x00000000   Number         0  argv_veneer.o ABSOLUTE
    ../clib/armsys.c                         0x00000000   Number         0  argv_veneer.o ABSOLUTE
    ../clib/armsys.c                         0x00000000   Number         0  _get_argv_nomalloc.o ABSOLUTE
    ../clib/armsys.c                         0x00000000   Number         0  no_argv.o ABSOLUTE
    ../clib/heapalloc.c                      0x00000000   Number         0  hrguard.o ABSOLUTE
    ../clib/heapaux.c                        0x00000000   Number         0  heapauxi.o ABSOLUTE
    ../clib/libinit.s                        0x00000000   Number         0  libinit.o ABSOLUTE
    ../clib/libinit.s                        0x00000000   Number         0  libinit2.o ABSOLUTE
    ../clib/libinit.s                        0x00000000   Number         0  libshutdown2.o ABSOLUTE
    ../clib/libinit.s                        0x00000000   Number         0  libshutdown.o ABSOLUTE
    ../clib/signal.c                         0x00000000   Number         0  defsig_fpe_inner.o ABSOLUTE
    ../clib/signal.c                         0x00000000   Number         0  defsig_abrt_inner.o ABSOLUTE
    ../clib/signal.c                         0x00000000   Number         0  defsig_general.o ABSOLUTE
    ../clib/signal.c                         0x00000000   Number         0  defsig_rtmem_inner.o ABSOLUTE
    ../clib/signal.c                         0x00000000   Number         0  defsig_exit.o ABSOLUTE
    ../clib/signal.c                         0x00000000   Number         0  defsig_stak_inner.o ABSOLUTE
    ../clib/signal.c                         0x00000000   Number         0  defsig_pvfn_inner.o ABSOLUTE
    ../clib/signal.c                         0x00000000   Number         0  defsig_cppl_inner.o ABSOLUTE
    ../clib/signal.c                         0x00000000   Number         0  defsig_rtmem_formal.o ABSOLUTE
    ../clib/signal.c                         0x00000000   Number         0  defsig_rtmem_outer.o ABSOLUTE
    ../clib/signal.c                         0x00000000   Number         0  defsig_segv_inner.o ABSOLUTE
    ../clib/signal.c                         0x00000000   Number         0  defsig_other.o ABSOLUTE
    ../clib/signal.c                         0x00000000   Number         0  __raise.o ABSOLUTE
    ../clib/signal.c                         0x00000000   Number         0  defsig_rtred_inner.o ABSOLUTE
    ../clib/signal.s                         0x00000000   Number         0  defsig.o ABSOLUTE
    ../clib/stdlib.c                         0x00000000   Number         0  exit.o ABSOLUTE
    ../fplib/fpinit.s                        0x00000000   Number         0  fpinit.o ABSOLUTE
    D:/Keil_v5/ARM/Packs/Milandr/MDR32FxQI/1.3.0/Libraries/SPL/MDR32FxQI/src/MDR32FxQI_port.c 0x00000000   Number         0  mdr32fxqi_port.o ABSOLUTE
    D:/Keil_v5/ARM/Packs/Milandr/MDR32FxQI/1.3.0/Libraries/SPL/MDR32FxQI/src/MDR32FxQI_rst_clk.c 0x00000000   Number         0  mdr32fxqi_rst_clk.o ABSOLUTE
    D:/Keil_v5/ARM/Packs/Milandr/MDR32FxQI/1.3.0/Libraries/SPL/MDR32FxQI/src/MDR32FxQI_timer.c 0x00000000   Number         0  mdr32fxqi_timer.o ABSOLUTE
    D:\Keil_v5\ARM\Packs\Milandr\MDR32FxQI\1.3.0\Libraries\SPL\MDR32FxQI\src\MDR32FxQI_port.c 0x00000000   Number         0  mdr32fxqi_port.o ABSOLUTE
    D:\Keil_v5\ARM\Packs\Milandr\MDR32FxQI\1.3.0\Libraries\SPL\MDR32FxQI\src\MDR32FxQI_rst_clk.c 0x00000000   Number         0  mdr32fxqi_rst_clk.o ABSOLUTE
    D:\Keil_v5\ARM\Packs\Milandr\MDR32FxQI\1.3.0\Libraries\SPL\MDR32FxQI\src\MDR32FxQI_timer.c 0x00000000   Number         0  mdr32fxqi_timer.o ABSOLUTE
    Main.c                                   0x00000000   Number         0  main.o ABSOLUTE
    Main.c                                   0x00000000   Number         0  main.o ABSOLUTE
    RTE/Device/K1986VE92xI/system_K1986VE9xI.c 0x00000000   Number         0  system_k1986ve9xi.o ABSOLUTE
    RTE\Device\K1986VE92xI\startup_K1986VE9xI.S 0x00000000   Number         0  startup_k1986ve9xi.o ABSOLUTE
    RTE\Device\K1986VE92xI\system_K1986VE9xI.c 0x00000000   Number         0  system_k1986ve9xi.o ABSOLUTE
    dc.s                                     0x00000000   Number         0  dc.o ABSOLUTE
    RESET                                    0x08000000   Section      192  startup_k1986ve9xi.o(RESET)
    !!!main                                  0x080000c0   Section        8  __main.o(!!!main)
    !!!scatter                               0x080000c8   Section       52  __scatter.o(!!!scatter)
    !!handler_copy                           0x080000fc   Section       26  __scatter_copy.o(!!handler_copy)
    !!handler_zi                             0x08000118   Section       28  __scatter_zi.o(!!handler_zi)
    .ARM.Collect$$libinit$$00000000          0x08000134   Section        2  libinit.o(.ARM.Collect$$libinit$$00000000)
    .ARM.Collect$$libinit$$00000002          0x08000136   Section        0  libinit2.o(.ARM.Collect$$libinit$$00000002)
    .ARM.Collect$$libinit$$00000004          0x08000136   Section        0  libinit2.o(.ARM.Collect$$libinit$$00000004)
    .ARM.Collect$$libinit$$0000000A          0x08000136   Section        0  libinit2.o(.ARM.Collect$$libinit$$0000000A)
    .ARM.Collect$$libinit$$0000000C          0x08000136   Section        0  libinit2.o(.ARM.Collect$$libinit$$0000000C)
    .ARM.Collect$$libinit$$0000000E          0x08000136   Section        0  libinit2.o(.ARM.Collect$$libinit$$0000000E)
    .ARM.Collect$$libinit$$00000011          0x08000136   Section        0  libinit2.o(.ARM.Collect$$libinit$$00000011)
    .ARM.Collect$$libinit$$00000013          0x08000136   Section        0  libinit2.o(.ARM.Collect$$libinit$$00000013)
    .ARM.Collect$$libinit$$00000015          0x08000136   Section        0  libinit2.o(.ARM.Collect$$libinit$$00000015)
    .ARM.Collect$$libinit$$00000017          0x08000136   Section        0  libinit2.o(.ARM.Collect$$libinit$$00000017)
    .ARM.Collect$$libinit$$00000019          0x08000136   Section        0  libinit2.o(.ARM.Collect$$libinit$$00000019)
    .ARM.Collect$$libinit$$0000001B          0x08000136   Section        0  libinit2.o(.ARM.Collect$$libinit$$0000001B)
    .ARM.Collect$$libinit$$0000001D          0x08000136   Section        0  libinit2.o(.ARM.Collect$$libinit$$0000001D)
    .ARM.Collect$$libinit$$0000001F          0x08000136   Section        0  libinit2.o(.ARM.Collect$$libinit$$0000001F)
    .ARM.Collect$$libinit$$00000021          0x08000136   Section        0  libinit2.o(.ARM.Collect$$libinit$$00000021)
    .ARM.Collect$$libinit$$00000023          0x08000136   Section        0  libinit2.o(.ARM.Collect$$libinit$$00000023)
    .ARM.Collect$$libinit$$00000025          0x08000136   Section        0  libinit2.o(.ARM.Collect$$libinit$$00000025)
    .ARM.Collect$$libinit$$0000002C          0x08000136   Section        0  libinit2.o(.ARM.Collect$$libinit$$0000002C)
    .ARM.Collect$$libinit$$0000002E          0x08000136   Section        0  libinit2.o(.ARM.Collect$$libinit$$0000002E)
    .ARM.Collect$$libinit$$00000030          0x08000136   Section        0  libinit2.o(.ARM.Collect$$libinit$$00000030)
    .ARM.Collect$$libinit$$00000032          0x08000136   Section        0  libinit2.o(.ARM.Collect$$libinit$$00000032)
    .ARM.Collect$$libinit$$00000033          0x08000136   Section        2  libinit2.o(.ARM.Collect$$libinit$$00000033)
    .ARM.Collect$$libshutdown$$00000000      0x08000138   Section        2  libshutdown.o(.ARM.Collect$$libshutdown$$00000000)
    .ARM.Collect$$libshutdown$$00000002      0x0800013a   Section        0  libshutdown2.o(.ARM.Collect$$libshutdown$$00000002)
    .ARM.Collect$$libshutdown$$00000004      0x0800013a   Section        0  libshutdown2.o(.ARM.Collect$$libshutdown$$00000004)
    .ARM.Collect$$libshutdown$$00000006      0x0800013a   Section        0  libshutdown2.o(.ARM.Collect$$libshutdown$$00000006)
    .ARM.Collect$$libshutdown$$00000009      0x0800013a   Section        0  libshutdown2.o(.ARM.Collect$$libshutdown$$00000009)
    .ARM.Collect$$libshutdown$$0000000C      0x0800013a   Section        0  libshutdown2.o(.ARM.Collect$$libshutdown$$0000000C)
    .ARM.Collect$$libshutdown$$0000000E      0x0800013a   Section        0  libshutdown2.o(.ARM.Collect$$libshutdown$$0000000E)
    .ARM.Collect$$libshutdown$$00000011      0x0800013a   Section        0  libshutdown2.o(.ARM.Collect$$libshutdown$$00000011)
    .ARM.Collect$$libshutdown$$00000012      0x0800013a   Section        2  libshutdown2.o(.ARM.Collect$$libshutdown$$00000012)
    .ARM.Collect$$rtentry$$00000000          0x0800013c   Section        0  __rtentry.o(.ARM.Collect$$rtentry$$00000000)
    .ARM.Collect$$rtentry$$00000002          0x0800013c   Section        0  __rtentry2.o(.ARM.Collect$$rtentry$$00000002)
    .ARM.Collect$$rtentry$$00000004          0x0800013c   Section        6  __rtentry4.o(.ARM.Collect$$rtentry$$00000004)
    .ARM.Collect$$rtentry$$00000009          0x08000142   Section        0  __rtentry2.o(.ARM.Collect$$rtentry$$00000009)
    .ARM.Collect$$rtentry$$0000000A          0x08000142   Section        4  __rtentry2.o(.ARM.Collect$$rtentry$$0000000A)
    .ARM.Collect$$rtentry$$0000000C          0x08000146   Section        0  __rtentry2.o(.ARM.Collect$$rtentry$$0000000C)
    .ARM.Collect$$rtentry$$0000000D          0x08000146   Section        8  __rtentry2.o(.ARM.Collect$$rtentry$$0000000D)
    .ARM.Collect$$rtexit$$00000000           0x0800014e   Section        2  rtexit.o(.ARM.Collect$$rtexit$$00000000)
    .ARM.Collect$$rtexit$$00000002           0x08000150   Section        0  rtexit2.o(.ARM.Collect$$rtexit$$00000002)
    .ARM.Collect$$rtexit$$00000003           0x08000150   Section        4  rtexit2.o(.ARM.Collect$$rtexit$$00000003)
    .ARM.Collect$$rtexit$$00000004           0x08000154   Section        6  rtexit2.o(.ARM.Collect$$rtexit$$00000004)
    .text                                    0x0800015c   Section      104  startup_k1986ve9xi.o(.text)
    .text                                    0x080001c4   Section        0  heapauxi.o(.text)
    .text                                    0x080001ca   Section       74  sys_stackheap_outer.o(.text)
    .text                                    0x08000214   Section        0  exit.o(.text)
    .text                                    0x08000228   Section        8  libspace.o(.text)
    .text                                    0x08000230   Section        0  sys_exit.o(.text)
    .text                                    0x0800023c   Section        2  use_no_semi.o(.text)
    .text                                    0x0800023e   Section        0  indicate_semi.o(.text)
    i.PORT_Init                              0x08000240   Section        0  mdr32fxqi_port.o(i.PORT_Init)
    i.PORT_ResetBits                         0x08000488   Section        0  mdr32fxqi_port.o(i.PORT_ResetBits)
    i.PORT_SetBits                           0x080004a4   Section        0  mdr32fxqi_port.o(i.PORT_SetBits)
    i.Port_led                               0x080004c0   Section        0  main.o(i.Port_led)
    i.RST_CLK_PCLKcmd                        0x080004f8   Section        0  mdr32fxqi_rst_clk.o(i.RST_CLK_PCLKcmd)
    i.SystemCoreClockUpdate                  0x08000518   Section        0  system_k1986ve9xi.o(i.SystemCoreClockUpdate)
    i.SystemInit                             0x080005a8   Section        0  system_k1986ve9xi.o(i.SystemInit)
    i.TIMER_BRGInit                          0x0800067c   Section        0  mdr32fxqi_timer.o(i.TIMER_BRGInit)
    i.TIMER_ClearFlag                        0x080006d0   Section        0  mdr32fxqi_timer.o(i.TIMER_ClearFlag)
    i.TIMER_Cmd                              0x080006d6   Section        0  mdr32fxqi_timer.o(i.TIMER_Cmd)
    i.TIMER_CntInit                          0x080006ea   Section        0  mdr32fxqi_timer.o(i.TIMER_CntInit)
    i.TIMER_ITConfig                         0x08000724   Section        0  mdr32fxqi_timer.o(i.TIMER_ITConfig)
    i.Timer2_IRQHandler                      0x08000738   Section        0  main.o(i.Timer2_IRQHandler)
    i.User_Timer2                            0x08000774   Section        0  main.o(i.User_Timer2)
    i.delay                                  0x08000838   Section        0  main.o(i.delay)
    i.main                                   0x08000858   Section        0  main.o(i.main)
    .constdata                               0x08000880   Section       64  system_k1986ve9xi.o(.constdata)
    .data                                    0x20000000   Section        4  main.o(.data)
    .data                                    0x20000004   Section        4  system_k1986ve9xi.o(.data)
    .bss                                     0x20000008   Section       96  libspace.o(.bss)
    HEAP                                     0x20000068   Section      512  startup_k1986ve9xi.o(HEAP)
    Heap_Mem                                 0x20000068   Data         512  startup_k1986ve9xi.o(HEAP)
    STACK                                    0x20000268   Section     1024  startup_k1986ve9xi.o(STACK)
    Stack_Mem                                0x20000268   Data        1024  startup_k1986ve9xi.o(STACK)
    __initial_sp                             0x20000668   Data           0  startup_k1986ve9xi.o(STACK)

    Global Symbols

    Symbol Name                              Value     Ov Type        Size  Object(Section)

    BuildAttributes$$THM_ISAv4$P$D$K$B$S$PE$A:L22UL41UL21$X:L11$S22US41US21$IEEE1$IW$USESV6$~STKCKD$USESV7$~SHL$OSPACE$ROPI$EBA8$UX$STANDARDLIB$REQ8$PRES8$EABIv2 0x00000000   Number         0  anon$$obj.o ABSOLUTE
    __ARM_use_no_argv                        0x00000000   Number         0  main.o ABSOLUTE
    __ARM_exceptions_init                     - Undefined Weak Reference
    __alloca_initialize                       - Undefined Weak Reference
    __arm_fini_                               - Undefined Weak Reference
    __arm_preinit_                            - Undefined Weak Reference
    __cpp_initialize__aeabi_                  - Undefined Weak Reference
    __cxa_finalize                            - Undefined Weak Reference
    __rt_locale                               - Undefined Weak Reference
    __sigvec_lookup                           - Undefined Weak Reference
    _atexit_init                              - Undefined Weak Reference
    _call_atexit_fns                          - Undefined Weak Reference
    _clock_init                               - Undefined Weak Reference
    _fp_trap_init                             - Undefined Weak Reference
    _fp_trap_shutdown                         - Undefined Weak Reference
    _get_lc_collate                           - Undefined Weak Reference
    _get_lc_ctype                             - Undefined Weak Reference
    _get_lc_monetary                          - Undefined Weak Reference
    _get_lc_numeric                           - Undefined Weak Reference
    _get_lc_time                              - Undefined Weak Reference
    _getenv_init                              - Undefined Weak Reference
    _handle_redirection                       - Undefined Weak Reference
    _init_alloc                               - Undefined Weak Reference
    _init_user_alloc                          - Undefined Weak Reference
    _initio                                   - Undefined Weak Reference
    _rand_init                                - Undefined Weak Reference
    _signal_finish                            - Undefined Weak Reference
    _signal_init                              - Undefined Weak Reference
    _terminate_alloc                          - Undefined Weak Reference
    _terminate_user_alloc                     - Undefined Weak Reference
    _terminateio                              - Undefined Weak Reference
    __Vectors_Size                           0x000000c0   Number         0  startup_k1986ve9xi.o ABSOLUTE
    __Vectors                                0x08000000   Data           4  startup_k1986ve9xi.o(RESET)
    __Vectors_End                            0x080000c0   Data           0  startup_k1986ve9xi.o(RESET)
    __main                                   0x080000c1   Thumb Code     8  __main.o(!!!main)
    __scatterload                            0x080000c9   Thumb Code     0  __scatter.o(!!!scatter)
    __scatterload_rt2                        0x080000c9   Thumb Code    44  __scatter.o(!!!scatter)
    __scatterload_rt2_thumb_only             0x080000c9   Thumb Code     0  __scatter.o(!!!scatter)
    __scatterload_null                       0x080000d7   Thumb Code     0  __scatter.o(!!!scatter)
    __scatterload_copy                       0x080000fd   Thumb Code    26  __scatter_copy.o(!!handler_copy)
    __scatterload_zeroinit                   0x08000119   Thumb Code    28  __scatter_zi.o(!!handler_zi)
    __rt_lib_init                            0x08000135   Thumb Code     0  libinit.o(.ARM.Collect$$libinit$$00000000)
    __rt_lib_init_alloca_1                   0x08000137   Thumb Code     0  libinit2.o(.ARM.Collect$$libinit$$0000002E)
    __rt_lib_init_argv_1                     0x08000137   Thumb Code     0  libinit2.o(.ARM.Collect$$libinit$$0000002C)
    __rt_lib_init_atexit_1                   0x08000137   Thumb Code     0  libinit2.o(.ARM.Collect$$libinit$$0000001B)
    __rt_lib_init_clock_1                    0x08000137   Thumb Code     0  libinit2.o(.ARM.Collect$$libinit$$00000021)
    __rt_lib_init_cpp_1                      0x08000137   Thumb Code     0  libinit2.o(.ARM.Collect$$libinit$$00000032)
    __rt_lib_init_exceptions_1               0x08000137   Thumb Code     0  libinit2.o(.ARM.Collect$$libinit$$00000030)
    __rt_lib_init_fp_1                       0x08000137   Thumb Code     0  libinit2.o(.ARM.Collect$$libinit$$00000002)
    __rt_lib_init_fp_trap_1                  0x08000137   Thumb Code     0  libinit2.o(.ARM.Collect$$libinit$$0000001F)
    __rt_lib_init_getenv_1                   0x08000137   Thumb Code     0  libinit2.o(.ARM.Collect$$libinit$$00000023)
    __rt_lib_init_heap_1                     0x08000137   Thumb Code     0  libinit2.o(.ARM.Collect$$libinit$$0000000A)
    __rt_lib_init_lc_collate_1               0x08000137   Thumb Code     0  libinit2.o(.ARM.Collect$$libinit$$00000011)
    __rt_lib_init_lc_ctype_1                 0x08000137   Thumb Code     0  libinit2.o(.ARM.Collect$$libinit$$00000013)
    __rt_lib_init_lc_monetary_1              0x08000137   Thumb Code     0  libinit2.o(.ARM.Collect$$libinit$$00000015)
    __rt_lib_init_lc_numeric_1               0x08000137   Thumb Code     0  libinit2.o(.ARM.Collect$$libinit$$00000017)
    __rt_lib_init_lc_time_1                  0x08000137   Thumb Code     0  libinit2.o(.ARM.Collect$$libinit$$00000019)
    __rt_lib_init_preinit_1                  0x08000137   Thumb Code     0  libinit2.o(.ARM.Collect$$libinit$$00000004)
    __rt_lib_init_rand_1                     0x08000137   Thumb Code     0  libinit2.o(.ARM.Collect$$libinit$$0000000E)
    __rt_lib_init_return                     0x08000137   Thumb Code     0  libinit2.o(.ARM.Collect$$libinit$$00000033)
    __rt_lib_init_signal_1                   0x08000137   Thumb Code     0  libinit2.o(.ARM.Collect$$libinit$$0000001D)
    __rt_lib_init_stdio_1                    0x08000137   Thumb Code     0  libinit2.o(.ARM.Collect$$libinit$$00000025)
    __rt_lib_init_user_alloc_1               0x08000137   Thumb Code     0  libinit2.o(.ARM.Collect$$libinit$$0000000C)
    __rt_lib_shutdown                        0x08000139   Thumb Code     0  libshutdown.o(.ARM.Collect$$libshutdown$$00000000)
    __rt_lib_shutdown_cpp_1                  0x0800013b   Thumb Code     0  libshutdown2.o(.ARM.Collect$$libshutdown$$00000004)
    __rt_lib_shutdown_fini_1                 0x0800013b   Thumb Code     0  libshutdown2.o(.ARM.Collect$$libshutdown$$00000002)
    __rt_lib_shutdown_fp_trap_1              0x0800013b   Thumb Code     0  libshutdown2.o(.ARM.Collect$$libshutdown$$00000009)
    __rt_lib_shutdown_heap_1                 0x0800013b   Thumb Code     0  libshutdown2.o(.ARM.Collect$$libshutdown$$00000011)
    __rt_lib_shutdown_return                 0x0800013b   Thumb Code     0  libshutdown2.o(.ARM.Collect$$libshutdown$$00000012)
    __rt_lib_shutdown_signal_1               0x0800013b   Thumb Code     0  libshutdown2.o(.ARM.Collect$$libshutdown$$0000000C)
    __rt_lib_shutdown_stdio_1                0x0800013b   Thumb Code     0  libshutdown2.o(.ARM.Collect$$libshutdown$$00000006)
    __rt_lib_shutdown_user_alloc_1           0x0800013b   Thumb Code     0  libshutdown2.o(.ARM.Collect$$libshutdown$$0000000E)
    __rt_entry                               0x0800013d   Thumb Code     0  __rtentry.o(.ARM.Collect$$rtentry$$00000000)
    __rt_entry_presh_1                       0x0800013d   Thumb Code     0  __rtentry2.o(.ARM.Collect$$rtentry$$00000002)
    __rt_entry_sh                            0x0800013d   Thumb Code     0  __rtentry4.o(.ARM.Collect$$rtentry$$00000004)
    __rt_entry_li                            0x08000143   Thumb Code     0  __rtentry2.o(.ARM.Collect$$rtentry$$0000000A)
    __rt_entry_postsh_1                      0x08000143   Thumb Code     0  __rtentry2.o(.ARM.Collect$$rtentry$$00000009)
    __rt_entry_main                          0x08000147   Thumb Code     0  __rtentry2.o(.ARM.Collect$$rtentry$$0000000D)
    __rt_entry_postli_1                      0x08000147   Thumb Code     0  __rtentry2.o(.ARM.Collect$$rtentry$$0000000C)
    __rt_exit                                0x0800014f   Thumb Code     0  rtexit.o(.ARM.Collect$$rtexit$$00000000)
    __rt_exit_ls                             0x08000151   Thumb Code     0  rtexit2.o(.ARM.Collect$$rtexit$$00000003)
    __rt_exit_prels_1                        0x08000151   Thumb Code     0  rtexit2.o(.ARM.Collect$$rtexit$$00000002)
    __rt_exit_exit                           0x08000155   Thumb Code     0  rtexit2.o(.ARM.Collect$$rtexit$$00000004)
    Reset_Handler                            0x0800015d   Thumb Code     8  startup_k1986ve9xi.o(.text)
    NMI_Handler                              0x08000165   Thumb Code     2  startup_k1986ve9xi.o(.text)
    HardFault_Handler                        0x08000167   Thumb Code     2  startup_k1986ve9xi.o(.text)
    MemManage_Handler                        0x08000169   Thumb Code     2  startup_k1986ve9xi.o(.text)
    BusFault_Handler                         0x0800016b   Thumb Code     2  startup_k1986ve9xi.o(.text)
    UsageFault_Handler                       0x0800016d   Thumb Code     2  startup_k1986ve9xi.o(.text)
    SVC_Handler                              0x0800016f   Thumb Code     2  startup_k1986ve9xi.o(.text)
    DebugMon_Handler                         0x08000171   Thumb Code     2  startup_k1986ve9xi.o(.text)
    PendSV_Handler                           0x08000173   Thumb Code     2  startup_k1986ve9xi.o(.text)
    SysTick_Handler                          0x08000175   Thumb Code     2  startup_k1986ve9xi.o(.text)
    CAN1_IRQHandler                          0x08000177   Thumb Code     2  startup_k1986ve9xi.o(.text)
    CAN2_IRQHandler                          0x08000179   Thumb Code     2  startup_k1986ve9xi.o(.text)
    USB_IRQHandler                           0x0800017b   Thumb Code     2  startup_k1986ve9xi.o(.text)
    DMA_IRQHandler                           0x0800017d   Thumb Code     2  startup_k1986ve9xi.o(.text)
    UART1_IRQHandler                         0x0800017f   Thumb Code     2  startup_k1986ve9xi.o(.text)
    UART2_IRQHandler                         0x08000181   Thumb Code     2  startup_k1986ve9xi.o(.text)
    SSP1_IRQHandler                          0x08000183   Thumb Code     2  startup_k1986ve9xi.o(.text)
    I2C_IRQHandler                           0x08000185   Thumb Code     2  startup_k1986ve9xi.o(.text)
    POWER_IRQHandler                         0x08000187   Thumb Code     2  startup_k1986ve9xi.o(.text)
    WWDG_IRQHandler                          0x08000189   Thumb Code     2  startup_k1986ve9xi.o(.text)
    Timer1_IRQHandler                        0x0800018b   Thumb Code     2  startup_k1986ve9xi.o(.text)
    Timer3_IRQHandler                        0x0800018f   Thumb Code     2  startup_k1986ve9xi.o(.text)
    ADC_IRQHandler                           0x08000191   Thumb Code     2  startup_k1986ve9xi.o(.text)
    COMPARATOR_IRQHandler                    0x08000193   Thumb Code     2  startup_k1986ve9xi.o(.text)
    SSP2_IRQHandler                          0x08000195   Thumb Code     2  startup_k1986ve9xi.o(.text)
    BACKUP_IRQHandler                        0x08000197   Thumb Code     2  startup_k1986ve9xi.o(.text)
    EXT_INT1_IRQHandler                      0x08000199   Thumb Code     2  startup_k1986ve9xi.o(.text)
    EXT_INT2_IRQHandler                      0x0800019b   Thumb Code     2  startup_k1986ve9xi.o(.text)
    EXT_INT3_IRQHandler                      0x0800019d   Thumb Code     2  startup_k1986ve9xi.o(.text)
    EXT_INT4_IRQHandler                      0x0800019f   Thumb Code     2  startup_k1986ve9xi.o(.text)
    __user_initial_stackheap                 0x080001a1   Thumb Code     0  startup_k1986ve9xi.o(.text)
    __use_two_region_memory                  0x080001c5   Thumb Code     2  heapauxi.o(.text)
    __rt_heap_escrow$2region                 0x080001c7   Thumb Code     2  heapauxi.o(.text)
    __rt_heap_expand$2region                 0x080001c9   Thumb Code     2  heapauxi.o(.text)
    __user_setup_stackheap                   0x080001cb   Thumb Code    74  sys_stackheap_outer.o(.text)
    exit                                     0x08000215   Thumb Code    18  exit.o(.text)
    __user_libspace                          0x08000229   Thumb Code     8  libspace.o(.text)
    __user_perproc_libspace                  0x08000229   Thumb Code     0  libspace.o(.text)
    __user_perthread_libspace                0x08000229   Thumb Code     0  libspace.o(.text)
    _sys_exit                                0x08000231   Thumb Code     8  sys_exit.o(.text)
    __I$use$semihosting                      0x0800023d   Thumb Code     0  use_no_semi.o(.text)
    __use_no_semihosting_swi                 0x0800023d   Thumb Code     2  use_no_semi.o(.text)
    __semihosting_library_function           0x0800023f   Thumb Code     0  indicate_semi.o(.text)
    PORT_Init                                0x08000241   Thumb Code   578  mdr32fxqi_port.o(i.PORT_Init)
    PORT_ResetBits                           0x08000489   Thumb Code    22  mdr32fxqi_port.o(i.PORT_ResetBits)
    PORT_SetBits                             0x080004a5   Thumb Code    22  mdr32fxqi_port.o(i.PORT_SetBits)
    Port_led                                 0x080004c1   Thumb Code    52  main.o(i.Port_led)
    RST_CLK_PCLKcmd                          0x080004f9   Thumb Code    26  mdr32fxqi_rst_clk.o(i.RST_CLK_PCLKcmd)
    SystemCoreClockUpdate                    0x08000519   Thumb Code   130  system_k1986ve9xi.o(i.SystemCoreClockUpdate)
    SystemInit                               0x080005a9   Thumb Code   168  system_k1986ve9xi.o(i.SystemInit)
    TIMER_BRGInit                            0x0800067d   Thumb Code    68  mdr32fxqi_timer.o(i.TIMER_BRGInit)
    TIMER_ClearFlag                          0x080006d1   Thumb Code     6  mdr32fxqi_timer.o(i.TIMER_ClearFlag)
    TIMER_Cmd                                0x080006d7   Thumb Code    20  mdr32fxqi_timer.o(i.TIMER_Cmd)
    TIMER_CntInit                            0x080006eb   Thumb Code    58  mdr32fxqi_timer.o(i.TIMER_CntInit)
    TIMER_ITConfig                           0x08000725   Thumb Code    18  mdr32fxqi_timer.o(i.TIMER_ITConfig)
    Timer2_IRQHandler                        0x08000739   Thumb Code    52  main.o(i.Timer2_IRQHandler)
    User_Timer2                              0x08000775   Thumb Code   182  main.o(i.User_Timer2)
    delay                                    0x08000839   Thumb Code    28  main.o(i.delay)
    main                                     0x08000859   Thumb Code    36  main.o(i.main)
    EEPROM_FACTORY_READ_WORD_FUNC            0x08000880   Data          64  system_k1986ve9xi.o(.constdata)
    Region$$Table$$Base                      0x080008c0   Number         0  anon$$obj.o(Region$$Table)
    Region$$Table$$Limit                     0x080008e0   Number         0  anon$$obj.o(Region$$Table)
    delay_cnt                                0x20000000   Data           4  main.o(.data)
    SystemCoreClock                          0x20000004   Data           4  system_k1986ve9xi.o(.data)
    __libspace_start                         0x20000008   Data          96  libspace.o(.bss)
    __temporary_stack_top$libspace           0x20000068   Data           0  libspace.o(.bss)



==============================================================================

Memory Map of the image

  Image Entry point : 0x080000c1

  Load Region LR_IROM1 (Base: 0x08000000, Size: 0x000008e8, Max: 0x00020000, ABSOLUTE)

    Execution Region ER_IROM1 (Exec base: 0x08000000, Load base: 0x08000000, Size: 0x000008e0, Max: 0x00020000, ABSOLUTE)

    Exec Addr    Load Addr    Size         Type   Attr      Idx    E Section Name        Object

    0x08000000   0x08000000   0x000000c0   Data   RO           98    RESET               startup_k1986ve9xi.o
    0x080000c0   0x080000c0   0x00000008   Code   RO          827  * !!!main             c_w.l(__main.o)
    0x080000c8   0x080000c8   0x00000034   Code   RO          986    !!!scatter          c_w.l(__scatter.o)
    0x080000fc   0x080000fc   0x0000001a   Code   RO          988    !!handler_copy      c_w.l(__scatter_copy.o)
    0x08000116   0x08000116   0x00000002   PAD
    0x08000118   0x08000118   0x0000001c   Code   RO          990    !!handler_zi        c_w.l(__scatter_zi.o)
    0x08000134   0x08000134   0x00000002   Code   RO          854    .ARM.Collect$$libinit$$00000000  c_w.l(libinit.o)
    0x08000136   0x08000136   0x00000000   Code   RO          861    .ARM.Collect$$libinit$$00000002  c_w.l(libinit2.o)
    0x08000136   0x08000136   0x00000000   Code   RO          863    .ARM.Collect$$libinit$$00000004  c_w.l(libinit2.o)
    0x08000136   0x08000136   0x00000000   Code   RO          866    .ARM.Collect$$libinit$$0000000A  c_w.l(libinit2.o)
    0x08000136   0x08000136   0x00000000   Code   RO          868    .ARM.Collect$$libinit$$0000000C  c_w.l(libinit2.o)
    0x08000136   0x08000136   0x00000000   Code   RO          870    .ARM.Collect$$libinit$$0000000E  c_w.l(libinit2.o)
    0x08000136   0x08000136   0x00000000   Code   RO          873    .ARM.Collect$$libinit$$00000011  c_w.l(libinit2.o)
    0x08000136   0x08000136   0x00000000   Code   RO          875    .ARM.Collect$$libinit$$00000013  c_w.l(libinit2.o)
    0x08000136   0x08000136   0x00000000   Code   RO          877    .ARM.Collect$$libinit$$00000015  c_w.l(libinit2.o)
    0x08000136   0x08000136   0x00000000   Code   RO          879    .ARM.Collect$$libinit$$00000017  c_w.l(libinit2.o)
    0x08000136   0x08000136   0x00000000   Code   RO          881    .ARM.Collect$$libinit$$00000019  c_w.l(libinit2.o)
    0x08000136   0x08000136   0x00000000   Code   RO          883    .ARM.Collect$$libinit$$0000001B  c_w.l(libinit2.o)
    0x08000136   0x08000136   0x00000000   Code   RO          885    .ARM.Collect$$libinit$$0000001D  c_w.l(libinit2.o)
    0x08000136   0x08000136   0x00000000   Code   RO          887    .ARM.Collect$$libinit$$0000001F  c_w.l(libinit2.o)
    0x08000136   0x08000136   0x00000000   Code   RO          889    .ARM.Collect$$libinit$$00000021  c_w.l(libinit2.o)
    0x08000136   0x08000136   0x00000000   Code   RO          891    .ARM.Collect$$libinit$$00000023  c_w.l(libinit2.o)
    0x08000136   0x08000136   0x00000000   Code   RO          893    .ARM.Collect$$libinit$$00000025  c_w.l(libinit2.o)
    0x08000136   0x08000136   0x00000000   Code   RO          897    .ARM.Collect$$libinit$$0000002C  c_w.l(libinit2.o)
    0x08000136   0x08000136   0x00000000   Code   RO          899    .ARM.Collect$$libinit$$0000002E  c_w.l(libinit2.o)
    0x08000136   0x08000136   0x00000000   Code   RO          901    .ARM.Collect$$libinit$$00000030  c_w.l(libinit2.o)
    0x08000136   0x08000136   0x00000000   Code   RO          903    .ARM.Collect$$libinit$$00000032  c_w.l(libinit2.o)
    0x08000136   0x08000136   0x00000002   Code   RO          904    .ARM.Collect$$libinit$$00000033  c_w.l(libinit2.o)
    0x08000138   0x08000138   0x00000002   Code   RO          924    .ARM.Collect$$libshutdown$$00000000  c_w.l(libshutdown.o)
    0x0800013a   0x0800013a   0x00000000   Code   RO          937    .ARM.Collect$$libshutdown$$00000002  c_w.l(libshutdown2.o)
    0x0800013a   0x0800013a   0x00000000   Code   RO          939    .ARM.Collect$$libshutdown$$00000004  c_w.l(libshutdown2.o)
    0x0800013a   0x0800013a   0x00000000   Code   RO          941    .ARM.Collect$$libshutdown$$00000006  c_w.l(libshutdown2.o)
    0x0800013a   0x0800013a   0x00000000   Code   RO          944    .ARM.Collect$$libshutdown$$00000009  c_w.l(libshutdown2.o)
    0x0800013a   0x0800013a   0x00000000   Code   RO          947    .ARM.Collect$$libshutdown$$0000000C  c_w.l(libshutdown2.o)
    0x0800013a   0x0800013a   0x00000000   Code   RO          949    .ARM.Collect$$libshutdown$$0000000E  c_w.l(libshutdown2.o)
    0x0800013a   0x0800013a   0x00000000   Code   RO          952    .ARM.Collect$$libshutdown$$00000011  c_w.l(libshutdown2.o)
    0x0800013a   0x0800013a   0x00000002   Code   RO          953    .ARM.Collect$$libshutdown$$00000012  c_w.l(libshutdown2.o)
    0x0800013c   0x0800013c   0x00000000   Code   RO          829    .ARM.Collect$$rtentry$$00000000  c_w.l(__rtentry.o)
    0x0800013c   0x0800013c   0x00000000   Code   RO          831    .ARM.Collect$$rtentry$$00000002  c_w.l(__rtentry2.o)
    0x0800013c   0x0800013c   0x00000006   Code   RO          843    .ARM.Collect$$rtentry$$00000004  c_w.l(__rtentry4.o)
    0x08000142   0x08000142   0x00000000   Code   RO          833    .ARM.Collect$$rtentry$$00000009  c_w.l(__rtentry2.o)
    0x08000142   0x08000142   0x00000004   Code   RO          834    .ARM.Collect$$rtentry$$0000000A  c_w.l(__rtentry2.o)
    0x08000146   0x08000146   0x00000000   Code   RO          836    .ARM.Collect$$rtentry$$0000000C  c_w.l(__rtentry2.o)
    0x08000146   0x08000146   0x00000008   Code   RO          837    .ARM.Collect$$rtentry$$0000000D  c_w.l(__rtentry2.o)
    0x0800014e   0x0800014e   0x00000002   Code   RO          858    .ARM.Collect$$rtexit$$00000000  c_w.l(rtexit.o)
    0x08000150   0x08000150   0x00000000   Code   RO          906    .ARM.Collect$$rtexit$$00000002  c_w.l(rtexit2.o)
    0x08000150   0x08000150   0x00000004   Code   RO          907    .ARM.Collect$$rtexit$$00000003  c_w.l(rtexit2.o)
    0x08000154   0x08000154   0x00000006   Code   RO          908    .ARM.Collect$$rtexit$$00000004  c_w.l(rtexit2.o)
    0x0800015a   0x0800015a   0x00000002   PAD
    0x0800015c   0x0800015c   0x00000068   Code   RO           99    .text               startup_k1986ve9xi.o
    0x080001c4   0x080001c4   0x00000006   Code   RO          825    .text               c_w.l(heapauxi.o)
    0x080001ca   0x080001ca   0x0000004a   Code   RO          845    .text               c_w.l(sys_stackheap_outer.o)
    0x08000214   0x08000214   0x00000012   Code   RO          847    .text               c_w.l(exit.o)
    0x08000226   0x08000226   0x00000002   PAD
    0x08000228   0x08000228   0x00000008   Code   RO          855    .text               c_w.l(libspace.o)
    0x08000230   0x08000230   0x0000000c   Code   RO          916    .text               c_w.l(sys_exit.o)
    0x0800023c   0x0800023c   0x00000002   Code   RO          927    .text               c_w.l(use_no_semi.o)
    0x0800023e   0x0800023e   0x00000000   Code   RO          929    .text               c_w.l(indicate_semi.o)
    0x0800023e   0x0800023e   0x00000002   PAD
    0x08000240   0x08000240   0x00000248   Code   RO          149    i.PORT_Init         mdr32fxqi_port.o
    0x08000488   0x08000488   0x0000001c   Code   RO          152    i.PORT_ResetBits    mdr32fxqi_port.o
    0x080004a4   0x080004a4   0x0000001c   Code   RO          153    i.PORT_SetBits      mdr32fxqi_port.o
    0x080004c0   0x080004c0   0x00000038   Code   RO            4    i.Port_led          main.o
    0x080004f8   0x080004f8   0x00000020   Code   RO          245    i.RST_CLK_PCLKcmd   mdr32fxqi_rst_clk.o
    0x08000518   0x08000518   0x00000090   Code   RO          106    i.SystemCoreClockUpdate  system_k1986ve9xi.o
    0x080005a8   0x080005a8   0x000000d4   Code   RO          107    i.SystemInit        system_k1986ve9xi.o
    0x0800067c   0x0800067c   0x00000054   Code   RO          448    i.TIMER_BRGInit     mdr32fxqi_timer.o
    0x080006d0   0x080006d0   0x00000006   Code   RO          475    i.TIMER_ClearFlag   mdr32fxqi_timer.o
    0x080006d6   0x080006d6   0x00000014   Code   RO          476    i.TIMER_Cmd         mdr32fxqi_timer.o
    0x080006ea   0x080006ea   0x0000003a   Code   RO          479    i.TIMER_CntInit     mdr32fxqi_timer.o
    0x08000724   0x08000724   0x00000012   Code   RO          501    i.TIMER_ITConfig    mdr32fxqi_timer.o
    0x08000736   0x08000736   0x00000002   PAD
    0x08000738   0x08000738   0x0000003c   Code   RO            5    i.Timer2_IRQHandler  main.o
    0x08000774   0x08000774   0x000000c4   Code   RO            6    i.User_Timer2       main.o
    0x08000838   0x08000838   0x00000020   Code   RO            7    i.delay             main.o
    0x08000858   0x08000858   0x00000028   Code   RO            8    i.main              main.o
    0x08000880   0x08000880   0x00000040   Data   RO          108    .constdata          system_k1986ve9xi.o
    0x080008c0   0x080008c0   0x00000020   Data   RO          984    Region$$Table       anon$$obj.o


    Execution Region RW_IRAM1 (Exec base: 0x20000000, Load base: 0x080008e0, Size: 0x00000668, Max: 0x00008000, ABSOLUTE)

    Exec Addr    Load Addr    Size         Type   Attr      Idx    E Section Name        Object

    0x20000000   0x080008e0   0x00000004   Data   RW            9    .data               main.o
    0x20000004   0x080008e4   0x00000004   Data   RW          109    .data               system_k1986ve9xi.o
    0x20000008        -       0x00000060   Zero   RW          856    .bss                c_w.l(libspace.o)
    0x20000068        -       0x00000200   Zero   RW           97    HEAP                startup_k1986ve9xi.o
    0x20000268        -       0x00000400   Zero   RW           96    STACK               startup_k1986ve9xi.o


==============================================================================

Image component sizes


      Code (inc. data)   RO Data    RW Data    ZI Data      Debug   Object Name

       384         34          0          4          0     104019   main.o
       640         18          0          0          0       3072   mdr32fxqi_port.o
        32          6          0          0          0        598   mdr32fxqi_rst_clk.o
       186         16          0          0          0       3951   mdr32fxqi_timer.o
       104         26        192          0       1536       1684   startup_k1986ve9xi.o
       356         58         64          4          0       2429   system_k1986ve9xi.o

    ----------------------------------------------------------------------
      1704        158        288          8       1536     115753   Object Totals
         0          0         32          0          0          0   (incl. Generated)
         2          0          0          0          0          0   (incl. Padding)

    ----------------------------------------------------------------------

      Code (inc. data)   RO Data    RW Data    ZI Data      Debug   Library Member Name

         8          0          0          0          0         68   __main.o
         0          0          0          0          0          0   __rtentry.o
        12          0          0          0          0          0   __rtentry2.o
         6          0          0          0          0          0   __rtentry4.o
        52          8          0          0          0          0   __scatter.o
        26          0          0          0          0          0   __scatter_copy.o
        28          0          0          0          0          0   __scatter_zi.o
        18          0          0          0          0         80   exit.o
         6          0          0          0          0        152   heapauxi.o
         0          0          0          0          0          0   indicate_semi.o
         2          0          0          0          0          0   libinit.o
         2          0          0          0          0          0   libinit2.o
         2          0          0          0          0          0   libshutdown.o
         2          0          0          0          0          0   libshutdown2.o
         8          4          0          0         96         68   libspace.o
         2          0          0          0          0          0   rtexit.o
        10          0          0          0          0          0   rtexit2.o
        12          4          0          0          0         68   sys_exit.o
        74          0          0          0          0         80   sys_stackheap_outer.o
         2          0          0          0          0         68   use_no_semi.o

    ----------------------------------------------------------------------
       280         16          0          0         96        584   Library Totals
         8          0          0          0          0          0   (incl. Padding)

    ----------------------------------------------------------------------

      Code (inc. data)   RO Data    RW Data    ZI Data      Debug   Library Name

       272         16          0          0         96        584   c_w.l

    ----------------------------------------------------------------------
       280         16          0          0         96        584   Library Totals

    ----------------------------------------------------------------------

==============================================================================


      Code (inc. data)   RO Data    RW Data    ZI Data      Debug   

      1984        174        288          8       1632     115501   Grand Totals
      1984        174        288          8       1632     115501   ELF Image Totals
      1984        174        288          8          0          0   ROM Totals

==============================================================================

    Total RO  Size (Code + RO Data)                 2272 (   2.22kB)
    Total RW  Size (RW Data + ZI Data)              1640 (   1.60kB)
    Total ROM Size (Code + RO Data + RW Data)       2280 (   2.23kB)

==============================================================================

