<html>
<body>
<pre>
<h1>µVision Build Log</h1>
<h2>Tool Versions:</h2>
IDE-Version: µVision V5.38.0.0
Copyright (C) 2022 ARM Ltd and ARM Germany GmbH. All rights reserved.
License Information: Marat Shaikhullin, home, LIC=GE7DL-0VYRF-NTV3G-VPCBS-WYZS6-0SVQ7
 
Tool Versions:
Toolchain:       MDK-ARM Professional  Version: 5.38.0.0
Toolchain Path:  D:\Keil_v5\ARM\ARMCLANG\Bin
C Compiler:      ArmClang.exe V6.19
Assembler:       Armasm.exe V6.19
Linker/Locator:  ArmLink.exe V6.19
Library Manager: ArmAr.exe V6.19
Hex Converter:   FromElf.exe V6.19
CPU DLL:         SARMCM3.DLL V5.38.0.0
Dialog DLL:      DCM.DLL V1.17.5.0
Target DLL:      STLink\ST-LINKIII-KEIL_SWO.dll V3.1.0.0
Dialog DLL:      TCM.DLL V1.56.4.0
 
<h2>Project:</h2>
D:\KDGit\myshm\scillbox_mk\Les_1\Les_1.uvprojx
Project File Date:  05/06/2025

<h2>Output:</h2>
*** Using Compiler 'V6.19', folder: 'D:\Keil_v5\ARM\ARMCLANG\Bin'
Build target 'Target 1'
compiling main.c...
linking...
Program Size: Code=940 RO-data=224 RW-data=4 ZI-data=1636  
".\Objects\Les_1.axf" - 0 Error(s), 0 Warning(s).

<h2>Software Packages used:</h2>

Package Vendor: ARM
                http://www.keil.com/pack/ARM.CMSIS.5.9.0.pack
                ARM.CMSIS.5.9.0
                CMSIS (Common Microcontroller Software Interface Standard)
   * Component: CORE Version: 5.6.0

Package Vendor: Milandr
                
                Milandr.MDR32FxQI.1.3.0
                Milandr MDR32FxQI Series Device Support, Drivers and Examples
   * Component: Startup Version: 2.2.0i

<h2>Collection of Component include folders:</h2>
  ./RTE/Device/MDR32F9Q2I
  ./RTE/_Target_1
  D:/Keil_v5/ARM/Packs/ARM/CMSIS/5.9.0/CMSIS/Core/Include
  D:/Keil_v5/ARM/Packs/Milandr/MDR32FxQI/1.3.0/Libraries/CMSIS/MDR32FxQI/CoreSupport/CM3
  D:/Keil_v5/ARM/Packs/Milandr/MDR32FxQI/1.3.0/Libraries/CMSIS/MDR32FxQI/DeviceSupport/MDR32F9Q2I/inc

<h2>Collection of Component Files used:</h2>

   * Component: ARM::CMSIS:CORE:5.6.0

   * Component: Milandr::Device:Startup:2.2.0i
      Source file:   Libraries/CMSIS/MDR32FxQI/DeviceSupport/MDR32F9Q2I/startup/arm/startup_MDR32F9Q2I.S
      Include file:  Libraries/SPL/MDR32FxQI/inc/IRQ_Handler_Template/MDR32F9Q2I_IT.h
      Include file:  Libraries/CMSIS/MDR32FxQI/CoreSupport/CM3/core_cm3.h
      Include file:  Libraries/CMSIS/MDR32FxQI/DeviceSupport/MDR32F9Q2I/inc/MDR32F9Q2I.h
      Source file:   Libraries/CMSIS/MDR32FxQI/DeviceSupport/MDR32F9Q2I/startup/system_MDR32F9Q2I.c
      Include file:  Libraries/CMSIS/MDR32FxQI/DeviceSupport/MDR32F9Q2I/startup/system_MDR32F9Q2I.h
      Include file:  Libraries/SPL/MDR32FxQI/MDR32FxQI_config.h
      Source file:   Libraries/SPL/MDR32FxQI/src/IRQ_Handler_Template/MDR32F9Q2I_IT.c
Build Time Elapsed:  00:00:00
</pre>
</body>
</html>
